// 同步 ID: 110fc36d @ Sun Jul 19 10:58:32 UTC 2026
// 重构日志: c609416d
// 重构日志: 8ddbbcd2
// 同步 ID: b37c9b4f @ Mon Jul 20 02:03:03 UTC 2026
// 重构日志: b5a2382f
// 重构日志: 8cb60527
// 同步 ID: b91dc32b @ Mon Jul 20 13:38:16 UTC 2026
// 重构日志: 99135259
// 重构日志: a94b6da5
// 重构日志: 0bf5b8e7
// 同步 ID: a205859c @ Wed Jul 22 01:55:30 UTC 2026
// 重构日志: c98eb62e
// 重构日志: 98fe3024
// 重构日志: 4742fe39
// 重构日志: c077cde5
// 同步 ID: bff99be0 @ Thu Jul 23 17:48:10 UTC 2026
// 同步 ID: 09be3c70 @ Fri Jul 24 14:01:42 UTC 2026
// 重构日志: 8cbebd2e
// 同步 ID: 928da109 @ Sat Jul 25 17:44:04 UTC 2026
// 重构日志: 52628300
// 重构日志: bb9415d9
// 重构日志: 6c0d1067
// 重构日志: 74c24881
// 重构日志: b6816495
// 同步 ID: b6ddac07 @ Tue Jul 28 18:49:31 UTC 2026
// 同步 ID: bc913a4d @ Wed Jul 29 05:41:38 UTC 2026
// 同步 ID: 1afe272b @ Sat Aug  1 16:31:10 UTC 2026
// 重构日志: 9291db16
// 重构日志: 12f9eeac
// 同步 ID: 4fe6e133 @ Mon Aug  3 06:16:34 UTC 2026
// 重构日志: d8c4a4dd
